{
    "fastq.gz": {
        "content": [
            {
                "0": [
                    
                ],
                "1": [
                    "versions.yml:md5,4e157c9ddf7bbb9e0f8f8faff2fa6a17",
                    "versions.yml:md5,4e157c9ddf7bbb9e0f8f8faff2fa6a17",
                    "versions.yml:md5,88e7680fe2a8da33e35a81a07afff2c5",
                    "versions.yml:md5,bb024cab3c497b202e7843d975eca0cf",
                    "versions.yml:md5,bb024cab3c497b202e7843d975eca0cf"
                ],
                "metaphlan_profiles_merged_tsv": [
                    
                ],
                "versions": [
                    "versions.yml:md5,4e157c9ddf7bbb9e0f8f8faff2fa6a17",
                    "versions.yml:md5,4e157c9ddf7bbb9e0f8f8faff2fa6a17",
                    "versions.yml:md5,88e7680fe2a8da33e35a81a07afff2c5",
                    "versions.yml:md5,bb024cab3c497b202e7843d975eca0cf",
                    "versions.yml:md5,bb024cab3c497b202e7843d975eca0cf"
                ]
            }
        ],
        "meta": {
            "nf-test": "0.8.4",
            "nextflow": "23.10.1"
        },
        "timestamp": "2024-04-24T10:29:04.201964325"
    }
}