{
    " metaphlan_db_version = 'mpa_vJan21_TOY_CHOCOPhlAnSGB_202103' & ['assets']['metaphlan']['metaphlan_sgb_profile1_txt'] -stub ": {
        "content": [
            {
                "0": [
                    [
                        {
                            "id": "test"
                        },
                        "test_gtdb_profile.txt:md5,d41d8cd98f00b204e9800998ecf8427e"
                    ]
                ],
                "1": [
                    "versions.yml:md5,d8d50d35678343b13c47636ba19c52ff"
                ],
                "gtdb_profile": [
                    [
                        {
                            "id": "test"
                        },
                        "test_gtdb_profile.txt:md5,d41d8cd98f00b204e9800998ecf8427e"
                    ]
                ],
                "versions": [
                    "versions.yml:md5,d8d50d35678343b13c47636ba19c52ff"
                ]
            }
        ],
        "meta": {
            "nf-test": "0.8.4",
            "nextflow": "23.10.1"
        },
        "timestamp": "2024-04-24T10:02:14.254050683"
    },
    "'mpa_vJan21_TOY_CHOCOPhlAnSGB_202103' + metaphlan_sgb2gtdb_profile": {
        "content": [
            {
                "0": [
                    [
                        {
                            "id": "test"
                        },
                        "test_gtdb_profile.txt:md5,f0c993c440f0049ecd29d4925e730c39"
                    ]
                ],
                "1": [
                    "versions.yml:md5,d8d50d35678343b13c47636ba19c52ff"
                ],
                "gtdb_profile": [
                    [
                        {
                            "id": "test"
                        },
                        "test_gtdb_profile.txt:md5,f0c993c440f0049ecd29d4925e730c39"
                    ]
                ],
                "versions": [
                    "versions.yml:md5,d8d50d35678343b13c47636ba19c52ff"
                ]
            }
        ],
        "meta": {
            "nf-test": "0.8.4",
            "nextflow": "23.10.1"
        },
        "timestamp": "2024-04-24T10:02:03.009384919"
    }
}