{
    "fastq.gz": {
        "content": [
            [
                [
                    {
                        "id": "test2"
                    },
                    [
                        "SRX5235702_SRR8427717_1.fastq.gz:md5,cc895d36dc655210366086535f359fb0",
                        "SRX5235702_SRR8427717_2.fastq.gz:md5,2b1a67a42fb71032d6c54776fad5a790"
                    ]
                ],
                [
                    {
                        "id": "test"
                    },
                    [
                        "SRX5235702_SRR8427717_1.fastq.gz:md5,cc895d36dc655210366086535f359fb0",
                        "SRX5235702_SRR8427717_2.fastq.gz:md5,2b1a67a42fb71032d6c54776fad5a790"
                    ]
                ]
            ],
            [
                
            ],
            [
                
            ],
            [
                
            ]
        ],
        "meta": {
            "nf-test": "0.8.4",
            "nextflow": "23.10.1"
        },
        "timestamp": "2024-04-24T22:51:47.767796873"
    }
}