{
    " ['bacteroides_fragilis']['illumina']['test_fastq_gz'] - stub ": {
        "content": [
            {
                "0": [
                    [
                        {
                            "id": "test2"
                        },
                        [
                            "test2_kneaddata_paired_1.fastq.gz:md5,071e7aef3d82d5559f7019a64cd6843f",
                            "test2_kneaddata_paired_2.fastq.gz:md5,53712e57f0562da5a314177515ac01f0"
                        ]
                    ],
                    [
                        {
                            "id": "test"
                        },
                        [
                            "test_kneaddata_paired_1.fastq.gz:md5,5f73374f13068e4daaa26a1ce73cc1af",
                            "test_kneaddata_paired_2.fastq.gz:md5,6e2f1123a77c6426fa97b70328edae73"
                        ]
                    ]
                ],
                "1": [
                    "all_samples_kneaddata_read_counts.tsv:md5,86c322a123efddea60c8cda32550eb27"
                ],
                "2": [
                    [
                        {
                            "id": "all_samples"
                        },
                        "all_samples.txt:md5,8e259b652de82d5279b58c2a846ec4c8"
                    ]
                ],
                "3": [
                    "versions.yml:md5,4b242c78db48e8cca6ceb92c79000a94",
                    "versions.yml:md5,4b242c78db48e8cca6ceb92c79000a94",
                    "versions.yml:md5,4ba9f8a902b9acb7c6e248cf73ee3a9d",
                    "versions.yml:md5,595699df0017182801b030ce8a44b4e5",
                    "versions.yml:md5,789b2aa7e05b16aa826f583b8dac2b43",
                    "versions.yml:md5,789b2aa7e05b16aa826f583b8dac2b43",
                    "versions.yml:md5,cb5e83f1143646d81fb20728cff2ec6d",
                    "versions.yml:md5,cb5e83f1143646d81fb20728cff2ec6d",
                    "versions.yml:md5,d6c57b942810378ae3f0e5027bc798da",
                    "versions.yml:md5,decdaf6f1a1ec3798868928b45e73bbd"
                ],
                "ch_preprocessed_read_counts_tsv": [
                    "all_samples_kneaddata_read_counts.tsv:md5,86c322a123efddea60c8cda32550eb27"
                ],
                "cread_taxonomy_tsv": [
                    [
                        {
                            "id": "all_samples"
                        },
                        "all_samples.txt:md5,8e259b652de82d5279b58c2a846ec4c8"
                    ]
                ],
                "preprocessed_fastq_gz": [
                    [
                        {
                            "id": "test2"
                        },
                        [
                            "test2_kneaddata_paired_1.fastq.gz:md5,071e7aef3d82d5559f7019a64cd6843f",
                            "test2_kneaddata_paired_2.fastq.gz:md5,53712e57f0562da5a314177515ac01f0"
                        ]
                    ],
                    [
                        {
                            "id": "test"
                        },
                        [
                            "test_kneaddata_paired_1.fastq.gz:md5,5f73374f13068e4daaa26a1ce73cc1af",
                            "test_kneaddata_paired_2.fastq.gz:md5,6e2f1123a77c6426fa97b70328edae73"
                        ]
                    ]
                ],
                "versions": [
                    "versions.yml:md5,4b242c78db48e8cca6ceb92c79000a94",
                    "versions.yml:md5,4b242c78db48e8cca6ceb92c79000a94",
                    "versions.yml:md5,4ba9f8a902b9acb7c6e248cf73ee3a9d",
                    "versions.yml:md5,595699df0017182801b030ce8a44b4e5",
                    "versions.yml:md5,789b2aa7e05b16aa826f583b8dac2b43",
                    "versions.yml:md5,789b2aa7e05b16aa826f583b8dac2b43",
                    "versions.yml:md5,cb5e83f1143646d81fb20728cff2ec6d",
                    "versions.yml:md5,cb5e83f1143646d81fb20728cff2ec6d",
                    "versions.yml:md5,d6c57b942810378ae3f0e5027bc798da",
                    "versions.yml:md5,decdaf6f1a1ec3798868928b45e73bbd"
                ]
            }
        ],
        "meta": {
            "nf-test": "0.8.4",
            "nextflow": "23.10.1"
        },
        "timestamp": "2024-02-15T12:43:31.299823001"
    },
    " ['bacteroides_fragilis']['illumina']['test_fastq_gz'] ": {
        "content": [
            {
                "0": [
                    [
                        {
                            "id": "test2"
                        },
                        [
                            "test2_kneaddata_paired_1.fastq.gz:md5,071e7aef3d82d5559f7019a64cd6843f",
                            "test2_kneaddata_paired_2.fastq.gz:md5,53712e57f0562da5a314177515ac01f0"
                        ]
                    ],
                    [
                        {
                            "id": "test"
                        },
                        [
                            "test_kneaddata_paired_1.fastq.gz:md5,5f73374f13068e4daaa26a1ce73cc1af",
                            "test_kneaddata_paired_2.fastq.gz:md5,6e2f1123a77c6426fa97b70328edae73"
                        ]
                    ]
                ],
                "1": [
                    "all_samples_kneaddata_read_counts.tsv:md5,86c322a123efddea60c8cda32550eb27"
                ],
                "2": [
                    [
                        {
                            "id": "all_samples"
                        },
                        "all_samples.txt:md5,8e259b652de82d5279b58c2a846ec4c8"
                    ]
                ],
                "3": [
                    "versions.yml:md5,4b242c78db48e8cca6ceb92c79000a94",
                    "versions.yml:md5,4b242c78db48e8cca6ceb92c79000a94",
                    "versions.yml:md5,4ba9f8a902b9acb7c6e248cf73ee3a9d",
                    "versions.yml:md5,595699df0017182801b030ce8a44b4e5",
                    "versions.yml:md5,789b2aa7e05b16aa826f583b8dac2b43",
                    "versions.yml:md5,789b2aa7e05b16aa826f583b8dac2b43",
                    "versions.yml:md5,cb5e83f1143646d81fb20728cff2ec6d",
                    "versions.yml:md5,cb5e83f1143646d81fb20728cff2ec6d",
                    "versions.yml:md5,d6c57b942810378ae3f0e5027bc798da",
                    "versions.yml:md5,decdaf6f1a1ec3798868928b45e73bbd"
                ],
                "ch_preprocessed_read_counts_tsv": [
                    "all_samples_kneaddata_read_counts.tsv:md5,86c322a123efddea60c8cda32550eb27"
                ],
                "cread_taxonomy_tsv": [
                    [
                        {
                            "id": "all_samples"
                        },
                        "all_samples.txt:md5,8e259b652de82d5279b58c2a846ec4c8"
                    ]
                ],
                "preprocessed_fastq_gz": [
                    [
                        {
                            "id": "test2"
                        },
                        [
                            "test2_kneaddata_paired_1.fastq.gz:md5,071e7aef3d82d5559f7019a64cd6843f",
                            "test2_kneaddata_paired_2.fastq.gz:md5,53712e57f0562da5a314177515ac01f0"
                        ]
                    ],
                    [
                        {
                            "id": "test"
                        },
                        [
                            "test_kneaddata_paired_1.fastq.gz:md5,5f73374f13068e4daaa26a1ce73cc1af",
                            "test_kneaddata_paired_2.fastq.gz:md5,6e2f1123a77c6426fa97b70328edae73"
                        ]
                    ]
                ],
                "versions": [
                    "versions.yml:md5,4b242c78db48e8cca6ceb92c79000a94",
                    "versions.yml:md5,4b242c78db48e8cca6ceb92c79000a94",
                    "versions.yml:md5,4ba9f8a902b9acb7c6e248cf73ee3a9d",
                    "versions.yml:md5,595699df0017182801b030ce8a44b4e5",
                    "versions.yml:md5,789b2aa7e05b16aa826f583b8dac2b43",
                    "versions.yml:md5,789b2aa7e05b16aa826f583b8dac2b43",
                    "versions.yml:md5,cb5e83f1143646d81fb20728cff2ec6d",
                    "versions.yml:md5,cb5e83f1143646d81fb20728cff2ec6d",
                    "versions.yml:md5,d6c57b942810378ae3f0e5027bc798da",
                    "versions.yml:md5,decdaf6f1a1ec3798868928b45e73bbd"
                ]
            }
        ],
        "meta": {
            "nf-test": "0.8.4",
            "nextflow": "23.10.1"
        },
        "timestamp": "2024-02-15T12:30:10.646686544"
    }
}