{
    "'mpa_vJan21_TOY_CHOCOPhlAnSGB_202103' -stub ": {
        "content": [
            {
                "0": [
                    [
                        "mpa_vJan21_TOY_CHOCOPhlAnSGB_202103.1.bt2l:md5,d41d8cd98f00b204e9800998ecf8427e",
                        "mpa_vJan21_TOY_CHOCOPhlAnSGB_202103.2.bt2l:md5,d41d8cd98f00b204e9800998ecf8427e",
                        "mpa_vJan21_TOY_CHOCOPhlAnSGB_202103.3.bt2l:md5,d41d8cd98f00b204e9800998ecf8427e",
                        "mpa_vJan21_TOY_CHOCOPhlAnSGB_202103.4.bt2l:md5,d41d8cd98f00b204e9800998ecf8427e",
                        "mpa_vJan21_TOY_CHOCOPhlAnSGB_202103.fna.bz2:md5,d41d8cd98f00b204e9800998ecf8427e",
                        "mpa_vJan21_TOY_CHOCOPhlAnSGB_202103.pkl:md5,d41d8cd98f00b204e9800998ecf8427e",
                        "mpa_vJan21_TOY_CHOCOPhlAnSGB_202103.rev.1.bt2l:md5,d41d8cd98f00b204e9800998ecf8427e",
                        "mpa_vJan21_TOY_CHOCOPhlAnSGB_202103.rev.2.bt2l:md5,d41d8cd98f00b204e9800998ecf8427e",
                        "mpa_vJan21_TOY_CHOCOPhlAnSGB_202103_VINFO.csv:md5,d41d8cd98f00b204e9800998ecf8427e",
                        "mpa_vJan21_TOY_CHOCOPhlAnSGB_202103_VSG.fna:md5,d41d8cd98f00b204e9800998ecf8427e"
                    ]
                ],
                "1": [
                    "versions.yml:md5,980dacf75dc62bb712c40ef951f16500"
                ],
                "db": [
                    [
                        "mpa_vJan21_TOY_CHOCOPhlAnSGB_202103.1.bt2l:md5,d41d8cd98f00b204e9800998ecf8427e",
                        "mpa_vJan21_TOY_CHOCOPhlAnSGB_202103.2.bt2l:md5,d41d8cd98f00b204e9800998ecf8427e",
                        "mpa_vJan21_TOY_CHOCOPhlAnSGB_202103.3.bt2l:md5,d41d8cd98f00b204e9800998ecf8427e",
                        "mpa_vJan21_TOY_CHOCOPhlAnSGB_202103.4.bt2l:md5,d41d8cd98f00b204e9800998ecf8427e",
                        "mpa_vJan21_TOY_CHOCOPhlAnSGB_202103.fna.bz2:md5,d41d8cd98f00b204e9800998ecf8427e",
                        "mpa_vJan21_TOY_CHOCOPhlAnSGB_202103.pkl:md5,d41d8cd98f00b204e9800998ecf8427e",
                        "mpa_vJan21_TOY_CHOCOPhlAnSGB_202103.rev.1.bt2l:md5,d41d8cd98f00b204e9800998ecf8427e",
                        "mpa_vJan21_TOY_CHOCOPhlAnSGB_202103.rev.2.bt2l:md5,d41d8cd98f00b204e9800998ecf8427e",
                        "mpa_vJan21_TOY_CHOCOPhlAnSGB_202103_VINFO.csv:md5,d41d8cd98f00b204e9800998ecf8427e",
                        "mpa_vJan21_TOY_CHOCOPhlAnSGB_202103_VSG.fna:md5,d41d8cd98f00b204e9800998ecf8427e"
                    ]
                ],
                "versions": [
                    "versions.yml:md5,980dacf75dc62bb712c40ef951f16500"
                ]
            }
        ],
        "meta": {
            "nf-test": "0.8.4",
            "nextflow": "23.10.1"
        },
        "timestamp": "2024-04-24T10:14:02.055529409"
    },
    " metaphlan_db_version = 'mpa_vJan21_TOY_CHOCOPhlAnSGB_202103' ": {
        "content": [
            {
                "0": [
                    [
                        "mpa_vJan21_TOY_CHOCOPhlAnSGB_202103.1.bt2l:md5,f560f1878d407cad746b40e19c137b2f",
                        "mpa_vJan21_TOY_CHOCOPhlAnSGB_202103.2.bt2l:md5,ada1fa4dbfa0bbd00fd9541458d0caab",
                        "mpa_vJan21_TOY_CHOCOPhlAnSGB_202103.3.bt2l:md5,1b5ec794c2f0c456ea60deb5898f4840",
                        "mpa_vJan21_TOY_CHOCOPhlAnSGB_202103.4.bt2l:md5,fe7bbac658aece93db332255910e3f4f",
                        "mpa_vJan21_TOY_CHOCOPhlAnSGB_202103.fna.bz2:md5,43dd63a3263c01105af26b701a9b5562",
                        "mpa_vJan21_TOY_CHOCOPhlAnSGB_202103.pkl:md5,005453b7c66c85f3e01218653d09e266",
                        "mpa_vJan21_TOY_CHOCOPhlAnSGB_202103.rev.1.bt2l:md5,7b23ad55748937a1b21f8ed735fe0d73",
                        "mpa_vJan21_TOY_CHOCOPhlAnSGB_202103.rev.2.bt2l:md5,acc38a28f2e590d5ce12a9defe4c8c87",
                        "mpa_vJan21_TOY_CHOCOPhlAnSGB_202103_VINFO.csv:md5,d41d8cd98f00b204e9800998ecf8427e",
                        "mpa_vJan21_TOY_CHOCOPhlAnSGB_202103_VSG.fna:md5,d41d8cd98f00b204e9800998ecf8427e"
                    ]
                ],
                "1": [
                    "versions.yml:md5,51519311626c56287ac98fc54452f503"
                ],
                "db": [
                    [
                        "mpa_vJan21_TOY_CHOCOPhlAnSGB_202103.1.bt2l:md5,f560f1878d407cad746b40e19c137b2f",
                        "mpa_vJan21_TOY_CHOCOPhlAnSGB_202103.2.bt2l:md5,ada1fa4dbfa0bbd00fd9541458d0caab",
                        "mpa_vJan21_TOY_CHOCOPhlAnSGB_202103.3.bt2l:md5,1b5ec794c2f0c456ea60deb5898f4840",
                        "mpa_vJan21_TOY_CHOCOPhlAnSGB_202103.4.bt2l:md5,fe7bbac658aece93db332255910e3f4f",
                        "mpa_vJan21_TOY_CHOCOPhlAnSGB_202103.fna.bz2:md5,43dd63a3263c01105af26b701a9b5562",
                        "mpa_vJan21_TOY_CHOCOPhlAnSGB_202103.pkl:md5,005453b7c66c85f3e01218653d09e266",
                        "mpa_vJan21_TOY_CHOCOPhlAnSGB_202103.rev.1.bt2l:md5,7b23ad55748937a1b21f8ed735fe0d73",
                        "mpa_vJan21_TOY_CHOCOPhlAnSGB_202103.rev.2.bt2l:md5,acc38a28f2e590d5ce12a9defe4c8c87",
                        "mpa_vJan21_TOY_CHOCOPhlAnSGB_202103_VINFO.csv:md5,d41d8cd98f00b204e9800998ecf8427e",
                        "mpa_vJan21_TOY_CHOCOPhlAnSGB_202103_VSG.fna:md5,d41d8cd98f00b204e9800998ecf8427e"
                    ]
                ],
                "versions": [
                    "versions.yml:md5,51519311626c56287ac98fc54452f503"
                ]
            }
        ],
        "meta": {
            "nf-test": "0.8.4",
            "nextflow": "23.10.1"
        },
        "timestamp": "2024-01-23T13:44:29.208314843"
    },
    "'mpa_vJan21_TOY_CHOCOPhlAnSGB_202103'": {
        "content": [
            {
                "0": [
                    [
                        "mpa_vJan21_TOY_CHOCOPhlAnSGB_202103.1.bt2l:md5,f560f1878d407cad746b40e19c137b2f",
                        "mpa_vJan21_TOY_CHOCOPhlAnSGB_202103.2.bt2l:md5,ada1fa4dbfa0bbd00fd9541458d0caab",
                        "mpa_vJan21_TOY_CHOCOPhlAnSGB_202103.3.bt2l:md5,1b5ec794c2f0c456ea60deb5898f4840",
                        "mpa_vJan21_TOY_CHOCOPhlAnSGB_202103.4.bt2l:md5,fe7bbac658aece93db332255910e3f4f",
                        "mpa_vJan21_TOY_CHOCOPhlAnSGB_202103.fna.bz2:md5,43dd63a3263c01105af26b701a9b5562",
                        "mpa_vJan21_TOY_CHOCOPhlAnSGB_202103.pkl:md5,005453b7c66c85f3e01218653d09e266",
                        "mpa_vJan21_TOY_CHOCOPhlAnSGB_202103.rev.1.bt2l:md5,7b23ad55748937a1b21f8ed735fe0d73",
                        "mpa_vJan21_TOY_CHOCOPhlAnSGB_202103.rev.2.bt2l:md5,acc38a28f2e590d5ce12a9defe4c8c87",
                        "mpa_vJan21_TOY_CHOCOPhlAnSGB_202103_VINFO.csv:md5,d41d8cd98f00b204e9800998ecf8427e",
                        "mpa_vJan21_TOY_CHOCOPhlAnSGB_202103_VSG.fna:md5,d41d8cd98f00b204e9800998ecf8427e"
                    ]
                ],
                "1": [
                    "versions.yml:md5,980dacf75dc62bb712c40ef951f16500"
                ],
                "db": [
                    [
                        "mpa_vJan21_TOY_CHOCOPhlAnSGB_202103.1.bt2l:md5,f560f1878d407cad746b40e19c137b2f",
                        "mpa_vJan21_TOY_CHOCOPhlAnSGB_202103.2.bt2l:md5,ada1fa4dbfa0bbd00fd9541458d0caab",
                        "mpa_vJan21_TOY_CHOCOPhlAnSGB_202103.3.bt2l:md5,1b5ec794c2f0c456ea60deb5898f4840",
                        "mpa_vJan21_TOY_CHOCOPhlAnSGB_202103.4.bt2l:md5,fe7bbac658aece93db332255910e3f4f",
                        "mpa_vJan21_TOY_CHOCOPhlAnSGB_202103.fna.bz2:md5,43dd63a3263c01105af26b701a9b5562",
                        "mpa_vJan21_TOY_CHOCOPhlAnSGB_202103.pkl:md5,005453b7c66c85f3e01218653d09e266",
                        "mpa_vJan21_TOY_CHOCOPhlAnSGB_202103.rev.1.bt2l:md5,7b23ad55748937a1b21f8ed735fe0d73",
                        "mpa_vJan21_TOY_CHOCOPhlAnSGB_202103.rev.2.bt2l:md5,acc38a28f2e590d5ce12a9defe4c8c87",
                        "mpa_vJan21_TOY_CHOCOPhlAnSGB_202103_VINFO.csv:md5,d41d8cd98f00b204e9800998ecf8427e",
                        "mpa_vJan21_TOY_CHOCOPhlAnSGB_202103_VSG.fna:md5,d41d8cd98f00b204e9800998ecf8427e"
                    ]
                ],
                "versions": [
                    "versions.yml:md5,980dacf75dc62bb712c40ef951f16500"
                ]
            }
        ],
        "meta": {
            "nf-test": "0.8.4",
            "nextflow": "23.10.1"
        },
        "timestamp": "2024-04-24T10:13:48.493592433"
    },
    " metaphlan_db_version = 'mpa_vJan21_TOY_CHOCOPhlAnSGB_202103' -stub ": {
        "content": [
            {
                "0": [
                    [
                        "mpa_vJan21_TOY_CHOCOPhlAnSGB_202103.1.bt2l:md5,d41d8cd98f00b204e9800998ecf8427e",
                        "mpa_vJan21_TOY_CHOCOPhlAnSGB_202103.2.bt2l:md5,d41d8cd98f00b204e9800998ecf8427e",
                        "mpa_vJan21_TOY_CHOCOPhlAnSGB_202103.3.bt2l:md5,d41d8cd98f00b204e9800998ecf8427e",
                        "mpa_vJan21_TOY_CHOCOPhlAnSGB_202103.4.bt2l:md5,d41d8cd98f00b204e9800998ecf8427e",
                        "mpa_vJan21_TOY_CHOCOPhlAnSGB_202103.fna.bz2:md5,d41d8cd98f00b204e9800998ecf8427e",
                        "mpa_vJan21_TOY_CHOCOPhlAnSGB_202103.pkl:md5,d41d8cd98f00b204e9800998ecf8427e",
                        "mpa_vJan21_TOY_CHOCOPhlAnSGB_202103.rev.1.bt2l:md5,d41d8cd98f00b204e9800998ecf8427e",
                        "mpa_vJan21_TOY_CHOCOPhlAnSGB_202103.rev.2.bt2l:md5,d41d8cd98f00b204e9800998ecf8427e",
                        "mpa_vJan21_TOY_CHOCOPhlAnSGB_202103_VINFO.csv:md5,d41d8cd98f00b204e9800998ecf8427e",
                        "mpa_vJan21_TOY_CHOCOPhlAnSGB_202103_VSG.fna:md5,d41d8cd98f00b204e9800998ecf8427e"
                    ]
                ],
                "1": [
                    "versions.yml:md5,51519311626c56287ac98fc54452f503"
                ],
                "db": [
                    [
                        "mpa_vJan21_TOY_CHOCOPhlAnSGB_202103.1.bt2l:md5,d41d8cd98f00b204e9800998ecf8427e",
                        "mpa_vJan21_TOY_CHOCOPhlAnSGB_202103.2.bt2l:md5,d41d8cd98f00b204e9800998ecf8427e",
                        "mpa_vJan21_TOY_CHOCOPhlAnSGB_202103.3.bt2l:md5,d41d8cd98f00b204e9800998ecf8427e",
                        "mpa_vJan21_TOY_CHOCOPhlAnSGB_202103.4.bt2l:md5,d41d8cd98f00b204e9800998ecf8427e",
                        "mpa_vJan21_TOY_CHOCOPhlAnSGB_202103.fna.bz2:md5,d41d8cd98f00b204e9800998ecf8427e",
                        "mpa_vJan21_TOY_CHOCOPhlAnSGB_202103.pkl:md5,d41d8cd98f00b204e9800998ecf8427e",
                        "mpa_vJan21_TOY_CHOCOPhlAnSGB_202103.rev.1.bt2l:md5,d41d8cd98f00b204e9800998ecf8427e",
                        "mpa_vJan21_TOY_CHOCOPhlAnSGB_202103.rev.2.bt2l:md5,d41d8cd98f00b204e9800998ecf8427e",
                        "mpa_vJan21_TOY_CHOCOPhlAnSGB_202103_VINFO.csv:md5,d41d8cd98f00b204e9800998ecf8427e",
                        "mpa_vJan21_TOY_CHOCOPhlAnSGB_202103_VSG.fna:md5,d41d8cd98f00b204e9800998ecf8427e"
                    ]
                ],
                "versions": [
                    "versions.yml:md5,51519311626c56287ac98fc54452f503"
                ]
            }
        ],
        "meta": {
            "nf-test": "0.8.4",
            "nextflow": "23.10.1"
        },
        "timestamp": "2024-01-23T13:44:42.591897954"
    }
}