{
    "fastq.gz": {
        "content": [
            [
                [
                    {
                        "id": "test"
                    },
                    [
                        "test_kneaddata_paired_1.fastq.gz:md5,bc575548c0169cf3f12c38590060cbec",
                        "test_kneaddata_paired_2.fastq.gz:md5,6dd6bd3bcb33e9dda68afa0c78a33b2d"
                    ]
                ]
            ],
            [
                "versions.yml:md5,0dfc969a58fd168cbcd4a9ee87f0c28d"
            ]
        ],
        "meta": {
            "nf-test": "0.8.4",
            "nextflow": "23.10.1"
        },
        "timestamp": "2024-04-24T10:06:32.04321443"
    },
    "fastq.gz - stub": {
        "content": [
            {
                "0": [
                    [
                        {
                            "id": "test"
                        },
                        [
                            "test_kneaddata_paired_1.fastq.gz:md5,d41d8cd98f00b204e9800998ecf8427e",
                            "test_kneaddata_paired_2.fastq.gz:md5,d41d8cd98f00b204e9800998ecf8427e"
                        ]
                    ]
                ],
                "1": [
                    [
                        {
                            "id": "test"
                        },
                        "test_kneaddata.log:md5,d41d8cd98f00b204e9800998ecf8427e"
                    ]
                ],
                "2": [
                    "versions.yml:md5,0dfc969a58fd168cbcd4a9ee87f0c28d"
                ],
                "kneaddata_log": [
                    [
                        {
                            "id": "test"
                        },
                        "test_kneaddata.log:md5,d41d8cd98f00b204e9800998ecf8427e"
                    ]
                ],
                "preprocessed_reads": [
                    [
                        {
                            "id": "test"
                        },
                        [
                            "test_kneaddata_paired_1.fastq.gz:md5,d41d8cd98f00b204e9800998ecf8427e",
                            "test_kneaddata_paired_2.fastq.gz:md5,d41d8cd98f00b204e9800998ecf8427e"
                        ]
                    ]
                ],
                "versions": [
                    "versions.yml:md5,0dfc969a58fd168cbcd4a9ee87f0c28d"
                ]
            }
        ],
        "meta": {
            "nf-test": "0.8.4",
            "nextflow": "23.10.1"
        },
        "timestamp": "2024-04-24T10:06:43.652978972"
    }
}