{
    "kneaddata.log": {
        "content": [
            {
                "0": [
                    "all_samples_kneaddata_read_counts.tsv:md5,0755c4165669f664e231afa434dab476"
                ],
                "1": [
                    "versions.yml:md5,d6bd8ea7fac7f2a2574411e28de205e7"
                ],
                "kneaddata_read_counts": [
                    "all_samples_kneaddata_read_counts.tsv:md5,0755c4165669f664e231afa434dab476"
                ],
                "versions": [
                    "versions.yml:md5,d6bd8ea7fac7f2a2574411e28de205e7"
                ]
            }
        ],
        "meta": {
            "nf-test": "0.8.4",
            "nextflow": "23.10.1"
        },
        "timestamp": "2024-04-24T10:01:58.043363893"
    },
    " kneaddata.log - stub ": {
        "content": [
            {
                "0": [
                    "all_samples_kneaddata_read_counts.tsv:md5,d41d8cd98f00b204e9800998ecf8427e"
                ],
                "1": [
                    "versions.yml:md5,d6bd8ea7fac7f2a2574411e28de205e7"
                ],
                "kneaddata_read_counts": [
                    "all_samples_kneaddata_read_counts.tsv:md5,d41d8cd98f00b204e9800998ecf8427e"
                ],
                "versions": [
                    "versions.yml:md5,d6bd8ea7fac7f2a2574411e28de205e7"
                ]
            }
        ],
        "meta": {
            "nf-test": "0.8.4",
            "nextflow": "23.10.1"
        },
        "timestamp": "2024-04-24T10:02:04.510811244"
    }
}