{
    "fastq.gz + metaphlan_db -stub ": {
        "content": [
            {
                "0": [
                    [
                        {
                            "id": "test"
                        },
                        "test_profile.txt:md5,d41d8cd98f00b204e9800998ecf8427e"
                    ]
                ],
                "1": [
                    [
                        {
                            "id": "test"
                        },
                        "test.biom:md5,d41d8cd98f00b204e9800998ecf8427e"
                    ]
                ],
                "2": [
                    [
                        {
                            "id": "test"
                        },
                        "test.bowtie2out.txt:md5,d41d8cd98f00b204e9800998ecf8427e"
                    ]
                ],
                "3": [
                    "versions.yml:md5,2a9ed777cd0065f872877f20553df297"
                ],
                "biom": [
                    [
                        {
                            "id": "test"
                        },
                        "test.biom:md5,d41d8cd98f00b204e9800998ecf8427e"
                    ]
                ],
                "bt2out": [
                    [
                        {
                            "id": "test"
                        },
                        "test.bowtie2out.txt:md5,d41d8cd98f00b204e9800998ecf8427e"
                    ]
                ],
                "profile": [
                    [
                        {
                            "id": "test"
                        },
                        "test_profile.txt:md5,d41d8cd98f00b204e9800998ecf8427e"
                    ]
                ],
                "versions": [
                    "versions.yml:md5,2a9ed777cd0065f872877f20553df297"
                ]
            }
        ],
        "meta": {
            "nf-test": "0.8.4",
            "nextflow": "23.10.1"
        },
        "timestamp": "2024-04-24T10:03:39.92337057"
    },
    "fastq.gz + metaphlan_db": {
        "content": [
            [
                [
                    {
                        "id": "test"
                    },
                    "test_profile.txt:md5,cd4748da44ffcd985244ffd6103f6a6d"
                ]
            ],
            [
                [
                    {
                        "id": "test"
                    },
                    "test.bowtie2out.txt:md5,9bf563c43769e8300be64a8bf1a03c71"
                ]
            ],
            [
                "versions.yml:md5,2a9ed777cd0065f872877f20553df297"
            ]
        ],
        "meta": {
            "nf-test": "0.8.4",
            "nextflow": "23.10.1"
        },
        "timestamp": "2024-04-24T10:03:21.004630639"
    }
}